[    1090ms] [LOG] Snack Media - Inmobi Cookie Remover run @ https://www.briskoda.net/forums/topic/496082-power-steering-problem-b200f00-octavia-16tdi/:350
[    1526ms] [LOG] %cThis is a browser feature intended for developers. Do not paste any code here given to you by someone else. It may compromise your account or have other negative side effects. font-weight: bold; font-size: 14px; @ https://www.briskoda.net/forums/static/js/global/root_library.js?v=36e65701d41776289299:16
[    5551ms] [LOG] checkRepeaterAdsOnPage ran [] @ https://cdn-adm.pbstck.com/extra-scripts/337feb8f/6b3822d6/incrementor.1761836682858.js:5
[    7531ms] [INFO] [PPID PATCH] setPublisherProvidedId patched @ https://static.anonymised.io/light/loader.js?ref=prebid?ref=prebid&d=www.briskoda.net:6
[    7531ms] [INFO] [REFRESH PATCH] pubads.refresh patched @ https://static.anonymised.io/light/loader.js?ref=prebid?ref=prebid&d=www.briskoda.net:6
[    7532ms] [WARNING] [GPT] PubAdsService.setTargeting is deprecated, use googletag.setConfig({targeting: ...}) instead.
https://goo.gle/gpt-message#170 @ https://securepubads.g.doubleclick.net/pagead/managed/js/gpt/m202607280101/pubads_impl.js:18
[    7743ms] [ERROR] Access to fetch at 'https://api.rlcdn.com/api/identity/envelope?pid=13244' from origin 'https://www.briskoda.net' has been blocked by CORS policy: No 'Access-Control-Allow-Origin' header is present on the requested resource. @ https://www.briskoda.net/forums/topic/496082-power-steering-problem-b200f00-octavia-16tdi/:0
[    7744ms] [ERROR] Failed to load resource: net::ERR_FAILED @ https://api.rlcdn.com/api/identity/envelope?pid=13244:0
[    7991ms] [ERROR] Failed to load resource: the server responded with a status of 500 () @ https://direct.adsrvr.org/bid/bidder/SNM_1191:0
[    8504ms] [INFO] [REFRESH PATCH] Injecting targeting {key: AnonymisedSignalLift, value: 8} @ https://static.anonymised.io/light/loader.js?ref=prebid?ref=prebid&d=www.briskoda.net:6
[    8755ms] [ERROR] Failed to load resource: the server responded with a status of 500 () @ https://direct.adsrvr.org/bid/bidder/SNM_1191:0
[    9612ms] [INFO] [REFRESH PATCH] Injecting targeting {key: AnonymisedSignalLift, value: 8} @ https://static.anonymised.io/light/loader.js?ref=prebid?ref=prebid&d=www.briskoda.net:6
[    9896ms] [ERROR] Failed to load resource: the server responded with a status of 500 () @ https://direct.adsrvr.org/bid/bidder/SNM_1191:0
[    9919ms] [LOG] Starting 3pc test @ https://static.anonm.io/light/check3pc.html:10
[    9920ms] [LOG] 3PC enabled: true @ https://static.anonm.io/light/check3pc.html:33
[    9920ms] [LOG] Storage API: cookie access granted @ https://static.anonm.io/light/check3pc.html:16
[   10303ms] [INFO] [REFRESH PATCH] Injecting targeting {key: AnonymisedSignalLift, value: 8} @ https://static.anonymised.io/light/loader.js?ref=prebid?ref=prebid&d=www.briskoda.net:6
[   10484ms] [ERROR] Failed to load resource: the server responded with a status of 500 () @ https://direct.adsrvr.org/bid/bidder/SNM_1191:0
[   10852ms] [INFO] [REFRESH PATCH] Injecting targeting {key: AnonymisedSignalLift, value: 8} @ https://static.anonymised.io/light/loader.js?ref=prebid?ref=prebid&d=www.briskoda.net:6
[   11077ms] [ERROR] Failed to load resource: the server responded with a status of 500 () @ https://direct.adsrvr.org/bid/bidder/SNM_1191:0
[   11619ms] [INFO] [REFRESH PATCH] Injecting targeting {key: AnonymisedSignalLift, value: 8} @ https://static.anonymised.io/light/loader.js?ref=prebid?ref=prebid&d=www.briskoda.net:6
[   11903ms] [ERROR] Failed to load resource: the server responded with a status of 400 () @ https://secure.adnxs.com/getuid?https%3A%2F%2Fsync.aniview.com%2Fcookiesyncendpoint%3Fauid%3D%26biddername%3D55%26key%3D%24UID:0
[   11905ms] [ERROR] Failed to load resource: the server responded with a status of 400 (Bad Request) @ https://sync.adkernel.com/user-sync?zone=252325&gdpr=0&gdpr_consent=&us_privacy=&t=image&r=https%3A%2F%2Fittpx.eskimi.com%2Fsync%3Fdp_id%3D52%26gdpr%3D0%26gdpr_consent%3D%26us_privacy%3D%26user_id%3D%7BUID%7D:0
[   12528ms] [LOG] addEventListener:  {cmpId: 9, cmpVersion: 6, gdprApplies: true, tcfPolicyVersion: 5, tcString: CQoUVUAQoUVUAAJAGAENCqFgAAAAAEPgAAwIAAAZdaj-N_62vL…_-2bP-_rv5-__2z3_rj9uy_-___8AAA.IAAA.YAAAD_wAAAAA} true @ https://s.console.adtarget.com.tr/sync.html?aid=954530:0
[   12850ms] [ERROR] Failed to load resource: the server responded with a status of 451 (Unavailable For Legal Reasons) @ https://s.console.adtarget.com.tr/sync/?aid=954530&gdpr_source=cmpuishown&refer=https://ittpx.eskimi.com/:0
[   11903ms] [ERROR] Failed to load resource: the server responded with a status of 400 () @ https://secure.adnxs.com/getuid?https%3A%2F%2Fsync.aniview.com%2Fcookiesyncendpoint%3Fauid%3D%26biddername%3D55%26key%3D%24UID:0
[   11903ms] [ERROR] Failed to load resource: the server responded with a status of 400 () @ https://secure.adnxs.com/getuid?https%3A%2F%2Fsync.aniview.com%2Fcookiesyncendpoint%3Fauid%3D%26biddername%3D55%26key%3D%24UID:0
[   11905ms] [ERROR] Failed to load resource: the server responded with a status of 400 (Bad Request) @ https://sync.adkernel.com/user-sync?zone=252325&gdpr=0&gdpr_consent=&us_privacy=&t=image&r=https%3A%2F%2Fittpx.eskimi.com%2Fsync%3Fdp_id%3D52%26gdpr%3D0%26gdpr_consent%3D%26us_privacy%3D%26user_id%3D%7BUID%7D:0
[   12850ms] [ERROR] Failed to load resource: the server responded with a status of 451 (Unavailable For Legal Reasons) @ https://s.console.adtarget.com.tr/sync/?aid=954530&gdpr_source=cmpuishown&refer=https://ittpx.eskimi.com/:0
[   13804ms] [LOG] addEventListener:  {cmpId: 9, cmpVersion: 6, gdprApplies: true, tcfPolicyVersion: 5, tcString: CQoUVUAQoUVUAAJAGAENCqFgAAAAAEPgAAwIAAAZdaj-N_62vL…_-2bP-_rv5-__2z3_rj9uy_-___8AAA.IAAA.YAAAD_wAAAAA} true @ https://s.console.adtarget.com.tr/sync.html?aid=954530:0
[   13949ms] [ERROR] Failed to load resource: the server responded with a status of 451 (Unavailable For Legal Reasons) @ https://s.console.adtarget.com.tr/sync/?aid=954530&gdpr_source=cmpuishown&refer=https://ittpx.eskimi.com/:0
[   14207ms] [ERROR] Failed to load resource: the server responded with a status of 400 (Bad Request) @ https://sync.adkernel.com/user-sync?zone=252325&gdpr=0&gdpr_consent=&us_privacy=&t=image&r=https%3A%2F%2Fittpx.eskimi.com%2Fsync%3Fdp_id%3D52%26gdpr%3D0%26gdpr_consent%3D%26us_privacy%3D%26user_id%3D%7BUID%7D:0
[   11905ms] [ERROR] Failed to load resource: the server responded with a status of 400 (Bad Request) @ https://sync.adkernel.com/user-sync?zone=252325&gdpr=0&gdpr_consent=&us_privacy=&t=image&r=https%3A%2F%2Fittpx.eskimi.com%2Fsync%3Fdp_id%3D52%26gdpr%3D0%26gdpr_consent%3D%26us_privacy%3D%26user_id%3D%7BUID%7D:0
[   14207ms] [ERROR] Failed to load resource: the server responded with a status of 400 (Bad Request) @ https://sync.adkernel.com/user-sync?zone=252325&gdpr=0&gdpr_consent=&us_privacy=&t=image&r=https%3A%2F%2Fittpx.eskimi.com%2Fsync%3Fdp_id%3D52%26gdpr%3D0%26gdpr_consent%3D%26us_privacy%3D%26user_id%3D%7BUID%7D:0
[   11905ms] [ERROR] Failed to load resource: the server responded with a status of 400 (Bad Request) @ https://sync.adkernel.com/user-sync?zone=252325&gdpr=0&gdpr_consent=&us_privacy=&t=image&r=https%3A%2F%2Fittpx.eskimi.com%2Fsync%3Fdp_id%3D52%26gdpr%3D0%26gdpr_consent%3D%26us_privacy%3D%26user_id%3D%7BUID%7D:0
[   14207ms] [ERROR] Failed to load resource: the server responded with a status of 400 (Bad Request) @ https://sync.adkernel.com/user-sync?zone=252325&gdpr=0&gdpr_consent=&us_privacy=&t=image&r=https%3A%2F%2Fittpx.eskimi.com%2Fsync%3Fdp_id%3D52%26gdpr%3D0%26gdpr_consent%3D%26us_privacy%3D%26user_id%3D%7BUID%7D:0
[   18067ms] [ERROR] Failed to load resource: the server responded with a status of 400 (Bad Request) @ https://csync.copper6.com/f3c49daf592d06bab39258cac72c0de9.gif?gdpr=0&gdpr_consent=&redir=https%3A%2F%2Fvisitor.europe-west9.gcp.omnitagjs.com%2Fvisitor%2Fsync%3Fgdpr%3D0%26gdpr_consent%3D%26is_cookie_sync_uid%3D1%26name%3DCOPPER6_APP_cookie_sync%26ttl%3D720%26uid%3D123285a4642e0170ed8b35a36075585%26visitor%3D%5BUID%5D:0
[   18356ms] [ERROR] Failed to load resource: the server responded with a status of 400 (Bad Request) @ https://csync.copper6.com/f3c49daf592d06bab39258cac72c0de9.gif?gdpr=0&gdpr_consent=&redir=https%3A%2F%2Fvisitor.europe-west9.gcp.omnitagjs.com%2Fvisitor%2Fsync%3Fgdpr%3D0%26gdpr_consent%3D%26is_cookie_sync_uid%3D1%26name%3DCOPPER6_APP_cookie_sync%26ttl%3D720%26uid%3D123285a4642e0170ed8b35a36075585%26visitor%3D%5BUID%5D:0
[   18637ms] [ERROR] Failed to load resource: the server responded with a status of 400 (Bad Request) @ https://csync.copper6.com/f3c49daf592d06bab39258cac72c0de9.gif?gdpr=0&gdpr_consent=&redir=https%3A%2F%2Fvisitor.europe-west9.gcp.omnitagjs.com%2Fvisitor%2Fsync%3Fgdpr%3D0%26gdpr_consent%3D%26is_cookie_sync_uid%3D1%26name%3DCOPPER6_APP_cookie_sync%26ttl%3D720%26uid%3D123285a4642e0170ed8b35a36075585%26visitor%3D%5BUID%5D:0
[   18949ms] [ERROR] Failed to load resource: the server responded with a status of 400 (Bad Request) @ https://csync.copper6.com/f3c49daf592d06bab39258cac72c0de9.gif?gdpr=0&gdpr_consent=&redir=https%3A%2F%2Fvisitor.europe-west9.gcp.omnitagjs.com%2Fvisitor%2Fsync%3Fgdpr%3D0%26gdpr_consent%3D%26is_cookie_sync_uid%3D1%26name%3DCOPPER6_APP_cookie_sync%26ttl%3D720%26uid%3D123285a4642e0170ed8b35a36075585%26visitor%3D%5BUID%5D:0
