[     576ms] [ERROR] Failed to load resource: the server responded with a status of 403 () @ https://mhhauto.com/Thread-VW-Golf-Variant-steering-assist-problem-check-sum-error:0
[    1011ms] [ERROR] Failed to load resource: the server responded with a status of 403 () @ https://mhhauto.com/favicon.ico:0
[    1160ms] [ERROR] Failed to load resource: the server responded with a status of 403 () @ https://mhhauto.com/favicon.ico:0
[    4227ms] [WARNING] WebGL: INVALID_ENUM: getInternalformatParameter: invalid internalformat @ https://challenges.cloudflare.com/cdn-cgi/challenge-platform/h/g/turnstile/f/av0/rch/mot5t/0x4AAAAAAADnPIDROrmt1Wwj/light/fbE/new/normal?lang=auto:0
[    4228ms] [WARNING] WebGL: INVALID_ENUM: getInternalformatParameter: invalid internalformat @ https://challenges.cloudflare.com/cdn-cgi/challenge-platform/h/g/turnstile/f/av0/rch/mot5t/0x4AAAAAAADnPIDROrmt1Wwj/light/fbE/new/normal?lang=auto:0
[    4229ms] [WARNING] WebGL: INVALID_ENUM: getInternalformatParameter: invalid internalformat @ https://challenges.cloudflare.com/cdn-cgi/challenge-platform/h/g/turnstile/f/av0/rch/mot5t/0x4AAAAAAADnPIDROrmt1Wwj/light/fbE/new/normal?lang=auto:0
[    4229ms] [WARNING] WebGL: INVALID_ENUM: getInternalformatParameter: invalid internalformat @ https://challenges.cloudflare.com/cdn-cgi/challenge-platform/h/g/turnstile/f/av0/rch/mot5t/0x4AAAAAAADnPIDROrmt1Wwj/light/fbE/new/normal?lang=auto:0
[    4229ms] [WARNING] WebGL: INVALID_ENUM: getInternalformatParameter: invalid internalformat @ https://challenges.cloudflare.com/cdn-cgi/challenge-platform/h/g/turnstile/f/av0/rch/mot5t/0x4AAAAAAADnPIDROrmt1Wwj/light/fbE/new/normal?lang=auto:0
[    4229ms] [WARNING] WebGL: INVALID_ENUM: getInternalformatParameter: invalid internalformat @ https://challenges.cloudflare.com/cdn-cgi/challenge-platform/h/g/turnstile/f/av0/rch/mot5t/0x4AAAAAAADnPIDROrmt1Wwj/light/fbE/new/normal?lang=auto:0
[    4229ms] [WARNING] WebGL: INVALID_ENUM: getInternalformatParameter: invalid internalformat @ https://challenges.cloudflare.com/cdn-cgi/challenge-platform/h/g/turnstile/f/av0/rch/mot5t/0x4AAAAAAADnPIDROrmt1Wwj/light/fbE/new/normal?lang=auto:0
[    4229ms] [WARNING] WebGL: INVALID_ENUM: getInternalformatParameter: invalid internalformat @ https://challenges.cloudflare.com/cdn-cgi/challenge-platform/h/g/turnstile/f/av0/rch/mot5t/0x4AAAAAAADnPIDROrmt1Wwj/light/fbE/new/normal?lang=auto:0
[    4229ms] [WARNING] WebGL: INVALID_ENUM: getInternalformatParameter: invalid internalformat @ https://challenges.cloudflare.com/cdn-cgi/challenge-platform/h/g/turnstile/f/av0/rch/mot5t/0x4AAAAAAADnPIDROrmt1Wwj/light/fbE/new/normal?lang=auto:0
[    4229ms] [WARNING] WebGL: INVALID_ENUM: getInternalformatParameter: invalid internalformat @ https://challenges.cloudflare.com/cdn-cgi/challenge-platform/h/g/turnstile/f/av0/rch/mot5t/0x4AAAAAAADnPIDROrmt1Wwj/light/fbE/new/normal?lang=auto:0
[    4230ms] [WARNING] WebGL: INVALID_ENUM: getInternalformatParameter: invalid internalformat @ https://challenges.cloudflare.com/cdn-cgi/challenge-platform/h/g/turnstile/f/av0/rch/mot5t/0x4AAAAAAADnPIDROrmt1Wwj/light/fbE/new/normal?lang=auto:0
[    4230ms] [WARNING] WebGL: INVALID_ENUM: getInternalformatParameter: invalid internalformat when EXT_color_buffer_[half_]float is not enabled @ https://challenges.cloudflare.com/cdn-cgi/challenge-platform/h/g/turnstile/f/av0/rch/mot5t/0x4AAAAAAADnPIDROrmt1Wwj/light/fbE/new/normal?lang=auto:0
[    4231ms] [WARNING] WebGL: INVALID_ENUM: getInternalformatParameter: invalid internalformat when EXT_color_buffer_float is not enabled @ https://challenges.cloudflare.com/cdn-cgi/challenge-platform/h/g/turnstile/f/av0/rch/mot5t/0x4AAAAAAADnPIDROrmt1Wwj/light/fbE/new/normal?lang=auto:0
[    4231ms] [WARNING] WebGL: INVALID_ENUM: getInternalformatParameter: invalid internalformat when EXT_color_buffer_float is not enabled @ https://challenges.cloudflare.com/cdn-cgi/challenge-platform/h/g/turnstile/f/av0/rch/mot5t/0x4AAAAAAADnPIDROrmt1Wwj/light/fbE/new/normal?lang=auto:0
[    4231ms] [WARNING] WebGL: INVALID_ENUM: getInternalformatParameter: invalid internalformat @ https://challenges.cloudflare.com/cdn-cgi/challenge-platform/h/g/turnstile/f/av0/rch/mot5t/0x4AAAAAAADnPIDROrmt1Wwj/light/fbE/new/normal?lang=auto:0
[    4231ms] [WARNING] WebGL: INVALID_ENUM: getInternalformatParameter: invalid internalformat when EXT_color_buffer_[half_]float is not enabled @ https://challenges.cloudflare.com/cdn-cgi/challenge-platform/h/g/turnstile/f/av0/rch/mot5t/0x4AAAAAAADnPIDROrmt1Wwj/light/fbE/new/normal?lang=auto:0
[    4231ms] [WARNING] WebGL: INVALID_ENUM: getInternalformatParameter: invalid internalformat when EXT_color_buffer_float is not enabled @ https://challenges.cloudflare.com/cdn-cgi/challenge-platform/h/g/turnstile/f/av0/rch/mot5t/0x4AAAAAAADnPIDROrmt1Wwj/light/fbE/new/normal?lang=auto:0
[    4231ms] [WARNING] WebGL: INVALID_ENUM: getInternalformatParameter: invalid internalformat when EXT_color_buffer_[half_]float is not enabled @ https://challenges.cloudflare.com/cdn-cgi/challenge-platform/h/g/turnstile/f/av0/rch/mot5t/0x4AAAAAAADnPIDROrmt1Wwj/light/fbE/new/normal?lang=auto:0
[    4231ms] [WARNING] WebGL: INVALID_ENUM: getInternalformatParameter: invalid internalformat when EXT_color_buffer_float is not enabled @ https://challenges.cloudflare.com/cdn-cgi/challenge-platform/h/g/turnstile/f/av0/rch/mot5t/0x4AAAAAAADnPIDROrmt1Wwj/light/fbE/new/normal?lang=auto:0
